// Jest Snapshot v1, https://goo.gl/fbAQLP

exports[`Button snapshot testing 1`] = `
Array [
  <p>
    Total: 0
  </p>,
  <p>
    undefined: 
  </p>,
  <p>
    Result:: 0
  </p>,
  <div>
    <button
      data-testid="button"
      onClick={[Function]}
      type="button"
    >
      AC
    </button>
    <button
      data-testid="button"
      onClick={[Function]}
      type="button"
    >
      +/-
    </button>
    <button
      data-testid="button"
      onClick={[Function]}
      type="button"
    >
      %
    </button>
    <button
      data-testid="button"
      onClick={[Function]}
      type="button"
    >
      รท
    </button>
  </div>,
  <div>
    <button
      data-testid="button"
      onClick={[Function]}
      type="button"
    >
      7
    </button>
    <button
      data-testid="button"
      onClick={[Function]}
      type="button"
    >
      8
    </button>
    <button
      data-testid="button"
      onClick={[Function]}
      type="button"
    >
      9
    </button>
    <button
      data-testid="button"
      onClick={[Function]}
      type="button"
    >
      x
    </button>
  </div>,
  <div>
    <button
      data-testid="button"
      onClick={[Function]}
      type="button"
    >
      4
    </button>
    <button
      data-testid="button"
      onClick={[Function]}
      type="button"
    >
      5
    </button>
    <button
      data-testid="button"
      onClick={[Function]}
      type="button"
    >
      6
    </button>
    <button
      data-testid="button"
      onClick={[Function]}
      type="button"
    >
      -
    </button>
  </div>,
  <div>
    <button
      data-testid="button"
      onClick={[Function]}
      type="button"
    >
      1
    </button>
    <button
      data-testid="button"
      onClick={[Function]}
      type="button"
    >
      2
    </button>
    <button
      data-testid="button"
      onClick={[Function]}
      type="button"
    >
      3
    </button>
    <button
      data-testid="button"
      onClick={[Function]}
      type="button"
    >
      +
    </button>
  </div>,
  <div>
    <button
      data-testid="button"
      onClick={[Function]}
      type="button"
    >
      0
    </button>
    <button
      data-testid="button"
      onClick={[Function]}
      type="button"
    >
      .
    </button>
    <button
      data-testid="button"
      onClick={[Function]}
      type="button"
    >
      =
    </button>
  </div>,
]
`;
