// Jest Snapshot v1, https://goo.gl/fbAQLP

exports[`Button panel displays all calculator buttons 1`] = `
<div
  className="panel"
>
  <div>
    <button
      className="button"
      data-testid="button"
      onClick={[Function]}
      style={
        Object {
          "backgroundColor": "#E0E0E0",
          "width": "25%",
        }
      }
      type="button"
    >
      AC
    </button>
    <button
      className="button"
      data-testid="button"
      onClick={[Function]}
      style={
        Object {
          "backgroundColor": "#E0E0E0",
          "width": "25%",
        }
      }
      type="button"
    >
      +/-
    </button>
    <button
      className="button"
      data-testid="button"
      onClick={[Function]}
      style={
        Object {
          "backgroundColor": "#E0E0E0",
          "width": "25%",
        }
      }
      type="button"
    >
      %
    </button>
    <button
      className="button"
      data-testid="button"
      onClick={[Function]}
      style={
        Object {
          "backgroundColor": "orange",
          "width": "25%",
        }
      }
      type="button"
    >
      รท
    </button>
  </div>
  <div>
    <button
      className="button"
      data-testid="button"
      onClick={[Function]}
      style={
        Object {
          "backgroundColor": "#E0E0E0",
          "width": "25%",
        }
      }
      type="button"
    >
      7
    </button>
    <button
      className="button"
      data-testid="button"
      onClick={[Function]}
      style={
        Object {
          "backgroundColor": "#E0E0E0",
          "width": "25%",
        }
      }
      type="button"
    >
      8
    </button>
    <button
      className="button"
      data-testid="button"
      onClick={[Function]}
      style={
        Object {
          "backgroundColor": "#E0E0E0",
          "width": "25%",
        }
      }
      type="button"
    >
      9
    </button>
    <button
      className="button"
      data-testid="button"
      onClick={[Function]}
      style={
        Object {
          "backgroundColor": "orange",
          "width": "25%",
        }
      }
      type="button"
    >
      x
    </button>
  </div>
  <div>
    <button
      className="button"
      data-testid="button"
      onClick={[Function]}
      style={
        Object {
          "backgroundColor": "#E0E0E0",
          "width": "25%",
        }
      }
      type="button"
    >
      4
    </button>
    <button
      className="button"
      data-testid="button"
      onClick={[Function]}
      style={
        Object {
          "backgroundColor": "#E0E0E0",
          "width": "25%",
        }
      }
      type="button"
    >
      5
    </button>
    <button
      className="button"
      data-testid="button"
      onClick={[Function]}
      style={
        Object {
          "backgroundColor": "#E0E0E0",
          "width": "25%",
        }
      }
      type="button"
    >
      6
    </button>
    <button
      className="button"
      data-testid="button"
      onClick={[Function]}
      style={
        Object {
          "backgroundColor": "orange",
          "width": "25%",
        }
      }
      type="button"
    >
      -
    </button>
  </div>
  <div>
    <button
      className="button"
      data-testid="button"
      onClick={[Function]}
      style={
        Object {
          "backgroundColor": "#E0E0E0",
          "width": "25%",
        }
      }
      type="button"
    >
      1
    </button>
    <button
      className="button"
      data-testid="button"
      onClick={[Function]}
      style={
        Object {
          "backgroundColor": "#E0E0E0",
          "width": "25%",
        }
      }
      type="button"
    >
      2
    </button>
    <button
      className="button"
      data-testid="button"
      onClick={[Function]}
      style={
        Object {
          "backgroundColor": "#E0E0E0",
          "width": "25%",
        }
      }
      type="button"
    >
      3
    </button>
    <button
      className="button"
      data-testid="button"
      onClick={[Function]}
      style={
        Object {
          "backgroundColor": "orange",
          "width": "25%",
        }
      }
      type="button"
    >
      +
    </button>
  </div>
  <div>
    <button
      className="button"
      data-testid="button"
      onClick={[Function]}
      style={
        Object {
          "backgroundColor": "#E0E0E0",
          "width": "50%",
        }
      }
      type="button"
    >
      0
    </button>
    <button
      className="button"
      data-testid="button"
      onClick={[Function]}
      style={
        Object {
          "backgroundColor": "#E0E0E0",
          "width": "25%",
        }
      }
      type="button"
    >
      .
    </button>
    <button
      className="button"
      data-testid="button"
      onClick={[Function]}
      style={
        Object {
          "backgroundColor": "orange",
          "width": "25%",
        }
      }
      type="button"
    >
      =
    </button>
  </div>
</div>
`;
