// Jest Snapshot v1, https://goo.gl/fbAQLP

exports[`Display panel displays all calculator buttons 1`] = `
<div
  data-testid="display"
>
  <p>
    Result: 10
  </p>
</div>
`;
