// Jest Snapshot v1, https://goo.gl/fbAQLP

exports[`Routes snapshot testing 1`] = `
<h1>
  Welcome to Math Magic
</h1>
`;
